[fixed_chi2_phi000] sig=-1.397266e+06 th*=352.5 t*=2.500 |wall|max=1.000 back=2.3e-16 (18s)
[fixed_chi2_phi015] sig=-1.554479e+06 th*=352.5 t*=2.500 |wall|max=1.000 back=2.4e-16 (18s)
[fixed_chi2_phi030] sig=-1.626497e+06 th*=180.0 t*=2.500 |wall|max=1.000 back=1.8e-16 (18s)
[fixed_chi2_phi045] sig=-1.535181e+06 th*=187.5 t*=2.500 |wall|max=1.000 back=2.3e-16 (18s)
[fixed_chi2_phi060] sig=-1.460091e+06 th*=7.5 t*=2.500 |wall|max=1.000 back=2.6e-16 (18s)
[fixed_chi2_phi075] sig=-1.266285e+06 th*=15.0 t*=2.500 |wall|max=1.000 back=2.1e-16 (18s)
[fixed_chi2_phi090] sig=-1.125494e+06 th*=337.5 t*=2.500 |wall|max=1.000 back=2.0e-16 (18s)
[fixed_chi2_phi105] sig=-1.368873e+06 th*=345.0 t*=2.500 |wall|max=1.000 back=2.3e-16 (18s)
[fixed_chi2_phi120] sig=-1.578869e+06 th*=172.5 t*=2.500 |wall|max=1.000 back=1.9e-16 (19s)
[fixed_chi2_phi135] sig=-1.659893e+06 th*=0.0 t*=2.500 |wall|max=1.000 back=1.4e-16 (19s)
[fixed_chi2_phi150] sig=-1.664593e+06 th*=0.0 t*=2.500 |wall|max=1.000 back=1.3e-16 (18s)
[fixed_chi2_phi165] sig=-1.586290e+06 th*=7.5 t*=2.500 |wall|max=1.000 back=2.3e-16 (19s)

phi | ellipse stored (Pa/K) | ellipse FIXED (Pa/K) | rel diff
  0 | 1397266.2 | 1397266.2 | -1.508e-11
 15 | 1552479.5 | 1554478.9 | +1.288e-03
 30 | 1622727.9 | 1626497.0 | +2.323e-03
 45 | 1531401.9 | 1535181.4 | +2.468e-03
 60 | 1456580.1 | 1460091.1 | +2.410e-03
 75 | 1264666.0 | 1266284.8 | +1.280e-03
 90 | 1125494.2 | 1125494.2 | +3.664e-11
105 | 1370528.2 | 1368873.4 | -1.207e-03
120 | 1582547.4 | 1578869.1 | -2.324e-03
135 | 1664440.3 | 1659893.2 | -2.732e-03
150 | 1668488.3 | 1664592.5 | -2.335e-03
165 | 1588341.6 | 1586289.6 | -1.292e-03
amplitude stored: 0.3656   FIXED: 0.3630
range stored: 1.1255 - 1.6685 MPa/K ; FIXED: 1.1255 - 1.6646 MPa/K
