[A_chi1_phi000] sig=-9.655289e+05 th*=217.5 t*=2.438 |wall|max=1.000 back=2.5e-16 (13s)
[A_chi1_phi015] sig=-9.654399e+05 th*=52.5 t*=2.438 |wall|max=1.000 back=1.9e-16 (13s)
[A_chi1_phi030] sig=-9.662008e+05 th*=67.5 t*=2.438 |wall|max=1.000 back=2.4e-16 (13s)
[A_chi1_phi045] sig=-9.668459e+05 th*=262.5 t*=2.438 |wall|max=1.000 back=2.3e-16 (13s)
[A_chi1_phi060] sig=-9.666552e+05 th*=277.5 t*=2.438 |wall|max=1.000 back=2.3e-16 (14s)
[A_chi1_phi075] sig=-9.658944e+05 th*=112.5 t*=2.438 |wall|max=1.000 back=2.0e-16 (13s)
[A_chi1_phi090] sig=-9.655289e+05 th*=307.5 t*=2.438 |wall|max=1.000 back=2.0e-16 (13s)
[A_chi1_phi105] sig=-9.662041e+05 th*=322.5 t*=2.438 |wall|max=1.000 back=2.4e-16 (13s)
[A_chi1_phi120] sig=-9.675245e+05 th*=337.5 t*=2.438 |wall|max=1.000 back=2.3e-16 (13s)
[A_chi1_phi135] sig=-9.683744e+05 th*=172.5 t*=2.438 |wall|max=1.000 back=1.8e-16 (13s)
[A_chi1_phi150] sig=-9.679789e+05 th*=7.5 t*=2.438 |wall|max=1.000 back=2.3e-16 (13s)
[A_chi1_phi165] sig=-9.666586e+05 th*=22.5 t*=2.438 |wall|max=1.000 back=2.6e-16 (13s)
[A_chi2_phi000] sig=-1.397266e+06 th*=352.5 t*=2.500 |wall|max=1.000 back=2.3e-16 (13s)
[A_chi2_phi015] sig=-1.552479e+06 th*=352.5 t*=2.500 |wall|max=1.000 back=2.4e-16 (13s)
[A_chi2_phi030] sig=-1.622728e+06 th*=0.0 t*=2.500 |wall|max=1.000 back=1.8e-16 (13s)
[A_chi2_phi045] sig=-1.531402e+06 th*=7.5 t*=2.500 |wall|max=1.000 back=2.3e-16 (13s)
[A_chi2_phi060] sig=-1.456580e+06 th*=187.5 t*=2.500 |wall|max=1.000 back=2.6e-16 (14s)
[A_chi2_phi075] sig=-1.264666e+06 th*=195.0 t*=2.500 |wall|max=1.000 back=2.1e-16 (14s)
[A_chi2_phi090] sig=-1.125494e+06 th*=337.5 t*=2.500 |wall|max=1.000 back=2.0e-16 (13s)
[A_chi2_phi105] sig=-1.370528e+06 th*=165.0 t*=2.500 |wall|max=1.000 back=2.3e-16 (13s)
[A_chi2_phi120] sig=-1.582547e+06 th*=172.5 t*=2.500 |wall|max=1.000 back=2.4e-16 (13s)
[A_chi2_phi135] sig=-1.664440e+06 th*=0.0 t*=2.500 |wall|max=1.000 back=1.4e-16 (13s)
[A_chi2_phi150] sig=-1.668488e+06 th*=0.0 t*=2.500 |wall|max=1.000 back=1.3e-16 (13s)
[A_chi2_phi165] sig=-1.588342e+06 th*=187.5 t*=2.500 |wall|max=1.000 back=2.3e-16 (13s)
[B_CV_tau1_a10] sig=-9.667498e+05 th*=37.5 t*=2.438 |wall|max=1.000 back=2.5e-16 (13s)
[B_CV_tau5_a10] sig=-9.704638e+05 th*=217.5 t*=2.438 |wall|max=1.000 back=2.5e-16 (13s)
[B_CV_tau20_a10] sig=-9.709269e+05 th*=37.5 t*=2.438 |wall|max=1.000 back=2.5e-16 (13s)
[B_CV_tau20_a5] sig=-9.762366e+05 th*=37.5 t*=2.438 |wall|max=1.000 back=2.5e-16 (13s)
[B_CV_tau20_a20] sig=-9.644047e+05 th*=37.5 t*=2.500 |wall|max=1.000 back=2.5e-16 (13s)
[B_CV_tau20_a50] sig=-9.662115e+05 th*=217.5 t*=2.500 |wall|max=1.000 back=2.5e-16 (14s)
[B_F_tau0_a5] sig=-1.004502e+06 th*=217.5 t*=2.375 |wall|max=1.000 back=2.5e-16 (14s)
[B_F_tau0_a20] sig=-9.643298e+05 th*=217.5 t*=2.500 |wall|max=1.000 back=2.5e-16 (14s)
[B_F_tau0_a50] sig=-9.663996e+05 th*=217.5 t*=2.500 |wall|max=1.000 back=2.5e-16 (14s)
[B_MCV3_tau5_a10] sig=-9.703627e+05 th*=217.5 t*=2.438 |wall|max=1.000 back=2.5e-16 (14s)
[B_MCV3_tau20_a10] sig=-9.691801e+05 th*=217.5 t*=2.438 |wall|max=1.000 back=2.5e-16 (14s)
[C_CV_tau20_coupling_off] sig=-9.710148e+05 th*=217.5 t*=2.438 |wall|max=1.000 back=3.2e-16 (10s)
[D_iso_circle] sig=-1.053602e+06 th*=157.5 t*=2.438 |wall|max=1.000 back=2.2e-16 (15s)
[D_iso_ellipse] sig=-1.763305e+06 th*=180.0 t*=2.500 |wall|max=1.000 back=2.9e-16 (15s)
PRODUCTION DONE cpu 1039.49369061
