[light] D_iso_circle_M: sig_interp=-9.813094e+05 nodal=-9.813094e+05 t*=2.480 wall_err=6.3e-09 back=5.0e-25 (71s) [1 new, elapsed 71s]
[light] E1_alpha_cheng298_phi000_M: sig_interp=-7.294329e+04 nodal=-7.284814e+04 t*=2.540 wall_err=6.3e-09 back=1.3e-23 (63s) [2 new, elapsed 134s]
[light] E1_alpha_cheng298_phi030_M: sig_interp=-7.963118e+04 nodal=-7.950625e+04 t*=2.540 wall_err=6.3e-09 back=1.1e-23 (67s) [3 new, elapsed 201s]
[light] E1_alpha_cheng298_phi060_M: sig_interp=-7.278627e+04 nodal=-7.232174e+04 t*=2.520 wall_err=6.3e-09 back=8.8e-24 (70s) [4 new, elapsed 270s]
[light] E1_alpha_cheng298_phi090_M: sig_interp=-6.030564e+04 nodal=-6.016320e+04 t*=2.510 wall_err=6.3e-09 back=1.2e-23 (67s) [5 new, elapsed 338s]
[light] E1_alpha_cheng298_phi120_M: sig_interp=-7.834690e+04 nodal=-7.823812e+04 t*=2.540 wall_err=6.3e-09 back=1.0e-23 (67s) [6 new, elapsed 405s]
[light] E1_alpha_cheng298_phi150_M: sig_interp=-8.338897e+04 nodal=-8.287858e+04 t*=2.550 wall_err=6.3e-09 back=1.0e-23 (69s) [7 new, elapsed 474s]
[light] E2_alpha_iso_phi000_M: sig_interp=-1.070358e+06 nodal=-1.070080e+06 t*=2.530 wall_err=6.3e-09 back=6.5e-25 (67s) [8 new, elapsed 541s]
[light] E2_alpha_iso_phi030_M: sig_interp=-1.242111e+06 nodal=-1.240572e+06 t*=2.530 wall_err=6.3e-09 back=6.6e-25 (67s) [9 new, elapsed 608s]
[light] E2_alpha_iso_phi060_M: sig_interp=-1.217839e+06 nodal=-1.217113e+06 t*=2.520 wall_err=6.3e-09 back=6.5e-25 (68s) [10 new, elapsed 676s]
[light] E2_alpha_iso_phi090_M: sig_interp=-1.089045e+06 nodal=-1.086311e+06 t*=2.520 wall_err=6.3e-09 back=7.8e-25 (68s) [11 new, elapsed 745s]
[light] E2_alpha_iso_phi120_M: sig_interp=-1.323676e+06 nodal=-1.318591e+06 t*=2.540 wall_err=6.3e-09 back=7.3e-25 (69s) [12 new, elapsed 814s]
[light] E2_alpha_iso_phi150_M: sig_interp=-1.324547e+06 nodal=-1.323781e+06 t*=2.550 wall_err=6.3e-09 back=8.3e-25 (67s) [13 new, elapsed 881s]
[light] E3_K_iso_phi000_M: sig_interp=-1.125623e+06 nodal=-1.124863e+06 t*=2.530 wall_err=6.3e-09 back=6.1e-25 (64s) [14 new, elapsed 945s]
[light] E3_K_iso_phi030_M: sig_interp=-1.288463e+06 nodal=-1.280272e+06 t*=2.540 wall_err=6.3e-09 back=7.6e-25 (63s) [15 new, elapsed 1008s]
[light] E3_K_iso_phi060_M: sig_interp=-1.212723e+06 nodal=-1.208674e+06 t*=2.530 wall_err=6.3e-09 back=7.5e-25 (69s) [16 new, elapsed 1077s]
[light] E3_K_iso_phi090_M: sig_interp=-9.582798e+05 nodal=-9.582785e+05 t*=2.510 wall_err=6.3e-09 back=6.3e-25 (68s) [17 new, elapsed 1146s]
[light] E3_K_iso_phi120_M: sig_interp=-1.207150e+06 nodal=-1.207149e+06 t*=2.540 wall_err=6.3e-09 back=6.4e-25 (67s) [18 new, elapsed 1213s]
[light] E3_K_iso_phi150_M: sig_interp=-1.255522e+06 nodal=-1.251509e+06 t*=2.540 wall_err=6.3e-09 back=5.9e-25 (65s) [19 new, elapsed 1278s]
[light] E4_C_iso_phi000_M: sig_interp=-1.787991e+06 nodal=-1.786766e+06 t*=2.550 wall_err=6.3e-09 back=7.5e-25 (69s) [20 new, elapsed 1347s]
[light] E4_C_iso_phi030_M: sig_interp=-1.634733e+06 nodal=-1.634608e+06 t*=2.540 wall_err=6.3e-09 back=6.6e-25 (68s) [21 new, elapsed 1415s]
[light] E4_C_iso_phi060_M: sig_interp=-1.323837e+06 nodal=-1.322807e+06 t*=2.530 wall_err=6.3e-09 back=6.0e-25 (71s) [22 new, elapsed 1486s]
[light] E4_C_iso_phi090_M: sig_interp=-1.105123e+06 nodal=-1.104426e+06 t*=2.560 wall_err=6.3e-09 back=7.6e-25 (73s) [23 new, elapsed 1559s]
[light] E4_C_iso_phi120_M: sig_interp=-1.431664e+06 nodal=-1.431664e+06 t*=2.550 wall_err=6.3e-09 back=5.8e-25 (69s) [24 new, elapsed 1628s]
[light] E4_C_iso_phi150_M: sig_interp=-1.710281e+06 nodal=-1.705812e+06 t*=2.550 wall_err=6.3e-09 back=6.0e-25 (74s) [25 new, elapsed 1702s]
PRODUCTION light DONE: 25 new runs, cpu 1696s wall 1702s
