[heavy] A_chi2_phi000_R192: sig_interp=-1.149002e+06 nodal=-1.148066e+06 t*=2.540 wall_err=6.3e-09 back=1.4e-24 (177s) [1 new, elapsed 177s]
[heavy] A_chi2_phi030_R192: sig_interp=-1.245535e+06 nodal=-1.244208e+06 t*=2.530 wall_err=6.3e-09 back=1.6e-24 (178s) [2 new, elapsed 355s]
[heavy] A_chi2_phi060_R192: sig_interp=-1.147641e+06 nodal=-1.140789e+06 t*=2.520 wall_err=6.3e-09 back=1.3e-24 (163s) [3 new, elapsed 518s]
[heavy] A_chi2_phi090_R192: sig_interp=-9.641513e+05 nodal=-9.623317e+05 t*=2.510 wall_err=6.3e-09 back=1.9e-24 (156s) [4 new, elapsed 674s]
[heavy] A_chi2_phi120_R192: sig_interp=-1.233417e+06 nodal=-1.231972e+06 t*=2.540 wall_err=6.3e-09 back=1.7e-24 (158s) [5 new, elapsed 832s]
[heavy] A_chi2_phi150_R192: sig_interp=-1.304830e+06 nodal=-1.297314e+06 t*=2.550 wall_err=6.3e-09 back=2.4e-24 (159s) [6 new, elapsed 991s]
[heavy] A_chi2_phi000_T144: sig_interp=-1.152544e+06 nodal=-1.152543e+06 t*=2.540 wall_err=6.3e-09 back=7.0e-25 (122s) [7 new, elapsed 1113s]
[heavy] A_chi2_phi030_T144: sig_interp=-1.264547e+06 nodal=-1.261423e+06 t*=2.540 wall_err=6.3e-09 back=9.3e-25 (124s) [8 new, elapsed 1237s]
[heavy] A_chi2_phi060_T144: sig_interp=-1.161242e+06 nodal=-1.159704e+06 t*=2.520 wall_err=6.3e-09 back=7.3e-25 (120s) [9 new, elapsed 1357s]
[heavy] A_chi2_phi090_T144: sig_interp=-9.665845e+05 nodal=-9.665340e+05 t*=2.510 wall_err=6.3e-09 back=7.4e-25 (128s) [10 new, elapsed 1484s]
[heavy] A_chi2_phi120_T144: sig_interp=-1.250648e+06 nodal=-1.249674e+06 t*=2.540 wall_err=6.3e-09 back=6.8e-25 (123s) [11 new, elapsed 1607s]
[heavy] A_chi2_phi150_T144: sig_interp=-1.325410e+06 nodal=-1.325297e+06 t*=2.550 wall_err=6.3e-09 back=7.2e-25 (127s) [12 new, elapsed 1734s]
[heavy] A_chi1_phi000_R192: sig_interp=-8.538673e+05 nodal=-8.536647e+05 t*=2.480 wall_err=6.3e-09 back=1.5e-24 (154s) [13 new, elapsed 1888s]
[heavy] D_iso_ellipse_R192: sig_interp=-1.497302e+06 nodal=-1.497302e+06 t*=2.550 wall_err=6.3e-09 back=1.4e-24 (161s) [14 new, elapsed 2049s]
[heavy] A_chi2_phi120_T48: sig_interp=-1.233285e+06 nodal=-1.231519e+06 t*=2.540 wall_err=6.3e-09 back=6.9e-25 (20s) [15 new, elapsed 2070s]
[heavy] A_chi1_phi120_R48: sig_interp=-8.517155e+05 nodal=-8.516809e+05 t*=2.480 wall_err=6.3e-09 back=3.7e-25 (25s) [16 new, elapsed 2094s]
[heavy] A_chi2_phi135_T48: sig_interp=-1.300264e+06 nodal=-1.275887e+06 t*=2.540 wall_err=6.3e-09 back=7.0e-25 (19s) [17 new, elapsed 2113s]
[heavy] A_chi2_phi150_R48: sig_interp=-1.369400e+06 nodal=-1.365190e+06 t*=2.560 wall_err=6.3e-09 back=3.5e-25 (24s) [18 new, elapsed 2137s]
[heavy] A_chi1_phi150_R48: sig_interp=-8.517155e+05 nodal=-8.516809e+05 t*=2.480 wall_err=6.3e-09 back=3.6e-25 (26s) [19 new, elapsed 2162s]
[heavy] A_chi1_phi165_R48: sig_interp=-8.517155e+05 nodal=-8.516809e+05 t*=2.480 wall_err=6.3e-09 back=3.5e-25 (25s) [20 new, elapsed 2187s]
[heavy] B_CV_tau1_a10: sig_interp=-8.534957e+05 nodal=-8.533845e+05 t*=2.480 wall_err=6.3e-09 back=7.3e-25 (19s) [21 new, elapsed 2206s]
[heavy] B_CV_tau20_a10: sig_interp=-8.572214e+05 nodal=-8.571318e+05 t*=2.500 wall_err=6.3e-09 back=4.2e-25 (18s) [22 new, elapsed 2224s]
[heavy] B_CV_tau20_a20: sig_interp=-8.533226e+05 nodal=-8.532053e+05 t*=2.500 wall_err=6.3e-09 back=1.6e-24 (19s) [23 new, elapsed 2243s]
[heavy] B_F_tau0_a5: sig_interp=-8.725630e+05 nodal=-8.724805e+05 t*=2.420 wall_err=6.3e-09 back=3.2e-25 (20s) [24 new, elapsed 2263s]
[heavy] B_F_tau0_a50: sig_interp=-8.540385e+05 nodal=-8.539142e+05 t*=2.510 wall_err=6.3e-09 back=3.6e-24 (19s) [25 new, elapsed 2282s]
[heavy] B_MCV3_tau20_a10: sig_interp=-8.555820e+05 nodal=-8.554983e+05 t*=2.490 wall_err=6.3e-09 back=4.0e-25 (20s) [26 new, elapsed 2302s]
[heavy] B_CV_tau5_a10_QS: sig_interp=-8.547199e+05 nodal=-8.545983e+05 t*=2.510 wall_err=6.3e-09 back=6.0e-25 (19s) [27 new, elapsed 2321s]
[heavy] B_CV_tau20_a5_QS: sig_interp=-8.427440e+05 nodal=-8.427222e+05 t*=2.520 wall_err=6.3e-09 back=9.1e-26 (20s) [28 new, elapsed 2341s]
[heavy] B_CV_tau20_a50_QS: sig_interp=-8.549407e+05 nodal=-8.548173e+05 t*=2.510 wall_err=6.3e-09 back=4.1e-24 (19s) [29 new, elapsed 2361s]
[heavy] B_F_tau0_a20_QS: sig_interp=-8.549397e+05 nodal=-8.548164e+05 t*=2.510 wall_err=6.3e-09 back=1.2e-24 (22s) [30 new, elapsed 2382s]
[heavy] B_MCV3_tau5_a10_QS: sig_interp=-8.544088e+05 nodal=-8.542900e+05 t*=2.510 wall_err=6.3e-09 back=5.7e-25 (21s) [31 new, elapsed 2403s]
[heavy] B_F_tau0_a10_QS: sig_interp=-8.549397e+05 nodal=-8.548164e+05 t*=2.510 wall_err=6.3e-09 back=6.0e-25 (22s) [32 new, elapsed 2425s]
[heavy] B2_CV_L0.2_a5: sig_interp=-8.792540e+05 nodal=-8.791706e+05 t*=2.430 wall_err=6.3e-09 back=3.3e-25 (19s) [33 new, elapsed 2444s]
[heavy] B2_CV_L3.2_a5: sig_interp=-8.640202e+05 nodal=-8.640201e+05 t*=2.490 wall_err=6.3e-09 back=9.2e-26 (20s) [34 new, elapsed 2465s]
[heavy] B2_CV_L0.2_a10: sig_interp=-8.559500e+05 nodal=-8.558414e+05 t*=2.480 wall_err=6.3e-09 back=5.6e-25 (22s) [35 new, elapsed 2487s]
[heavy] B2_CV_L3.2_a10: sig_interp=-8.472353e+05 nodal=-8.472233e+05 t*=2.510 wall_err=6.3e-09 back=1.5e-25 (21s) [36 new, elapsed 2508s]
[heavy] B2_CV_L0.2_a20: sig_interp=-8.533289e+05 nodal=-8.532116e+05 t*=2.500 wall_err=6.3e-09 back=1.4e-24 (21s) [37 new, elapsed 2529s]
[heavy] B2_CV_L3.2_a20: sig_interp=-8.433949e+05 nodal=-8.433761e+05 t*=2.520 wall_err=6.3e-09 back=4.1e-25 (20s) [38 new, elapsed 2549s]
[heavy] B2_F_a20: sig_interp=-8.522606e+05 nodal=-8.521410e+05 t*=2.500 wall_err=6.3e-09 back=1.3e-24 (20s) [39 new, elapsed 2569s]
[heavy] B2QS_CV_L0.2_a10: sig_interp=-8.547149e+05 nodal=-8.545934e+05 t*=2.510 wall_err=6.3e-09 back=6.4e-25 (21s) [40 new, elapsed 2590s]
[heavy] B2QS_CV_L3.2_a10: sig_interp=-8.426418e+05 nodal=-8.426208e+05 t*=2.520 wall_err=6.3e-09 back=1.9e-25 (21s) [41 new, elapsed 2611s]
[heavy] D_iso_circle_T48: sig_interp=-9.805899e+05 nodal=-9.805899e+05 t*=2.480 wall_err=6.3e-09 back=6.2e-25 (24s) [42 new, elapsed 2635s]
[heavy] E1_alpha_cheng298_phi000: sig_interp=-7.198307e+04 nodal=-7.178688e+04 t*=2.540 wall_err=6.3e-09 back=1.2e-23 (22s) [43 new, elapsed 2656s]
[heavy] E1_alpha_cheng298_phi060: sig_interp=-7.210703e+04 nodal=-7.151974e+04 t*=2.520 wall_err=6.3e-09 back=9.1e-24 (21s) [44 new, elapsed 2677s]
[heavy] E1_alpha_cheng298_phi120: sig_interp=-7.742855e+04 nodal=-7.726266e+04 t*=2.540 wall_err=6.3e-09 back=1.1e-23 (19s) [45 new, elapsed 2696s]
[heavy] E2_alpha_iso_phi000: sig_interp=-1.058709e+06 nodal=-1.058637e+06 t*=2.530 wall_err=6.3e-09 back=6.6e-25 (19s) [46 new, elapsed 2716s]
[heavy] E2_alpha_iso_phi060: sig_interp=-1.206174e+06 nodal=-1.205268e+06 t*=2.520 wall_err=6.3e-09 back=6.4e-25 (20s) [47 new, elapsed 2736s]
[heavy] E2_alpha_iso_phi120: sig_interp=-1.307547e+06 nodal=-1.302814e+06 t*=2.540 wall_err=6.3e-09 back=6.5e-25 (22s) [48 new, elapsed 2758s]
[heavy] E3_K_iso_phi000: sig_interp=-1.113039e+06 nodal=-1.106148e+06 t*=2.530 wall_err=6.3e-09 back=6.7e-25 (22s) [49 new, elapsed 2779s]
[heavy] E3_K_iso_phi060: sig_interp=-1.199953e+06 nodal=-1.195204e+06 t*=2.530 wall_err=6.3e-09 back=6.9e-25 (21s) [50 new, elapsed 2801s]
[heavy] E3_K_iso_phi120: sig_interp=-1.193697e+06 nodal=-1.193459e+06 t*=2.530 wall_err=6.3e-09 back=5.9e-25 (20s) [51 new, elapsed 2821s]
[heavy] E4_C_iso_phi000: sig_interp=-1.772213e+06 nodal=-1.771054e+06 t*=2.550 wall_err=6.3e-09 back=6.0e-25 (25s) [52 new, elapsed 2846s]
[heavy] E4_C_iso_phi090: sig_interp=-1.094325e+06 nodal=-1.093999e+06 t*=2.560 wall_err=6.3e-09 back=5.9e-25 (21s) [53 new, elapsed 2867s]
[heavy] E4_C_iso_phi120: sig_interp=-1.420590e+06 nodal=-1.412705e+06 t*=2.540 wall_err=6.3e-09 back=6.1e-25 (22s) [54 new, elapsed 2889s]
[heavy] F_tw0.3_circ: sig_interp=-8.990404e+05 nodal=-8.990403e+05 t*=2.480 wall_err=7.3e-09 back=7.0e-25 (73s) [55 new, elapsed 2963s]
[heavy] F_tw0.6_circ: sig_interp=-8.569832e+05 nodal=-8.569525e+05 t*=2.470 wall_err=1.5e-08 back=7.0e-25 (41s) [56 new, elapsed 3004s]
[heavy] F_tw0.6_ell_phi090: sig_interp=-9.487915e+05 nodal=-9.480276e+05 t*=2.490 wall_err=1.5e-08 back=8.6e-25 (38s) [57 new, elapsed 3042s]
[heavy] F_tw2.4_circ: sig_interp=-8.579294e+05 nodal=-8.577120e+05 t*=2.490 wall_err=3.2e-01 back=7.0e-25 (12s) [58 new, elapsed 3054s]
[heavy] F_tw2.4_ell_phi090: sig_interp=-9.886067e+05 nodal=-9.835506e+05 t*=2.550 wall_err=3.2e-01 back=8.6e-25 (11s) [59 new, elapsed 3065s]
[heavy] F_tw2.4_ell_phi150: sig_interp=-1.364904e+06 nodal=-1.353654e+06 t*=2.620 wall_err=3.2e-01 back=7.8e-25 (12s) [60 new, elapsed 3078s]
PRODUCTION heavy DONE: 60 new runs, cpu 3062s wall 3078s
