[light] A_chi2_phi000_M: sig_interp=-1.149594e+06 nodal=-1.148677e+06 t*=2.540 wall_err=6.3e-09 back=7.8e-25 (73s) [1 new, elapsed 73s]
[light] A_chi2_phi015_M: sig_interp=-1.222776e+06 nodal=-1.217020e+06 t*=2.540 wall_err=6.3e-09 back=6.4e-25 (71s) [2 new, elapsed 143s]
[light] A_chi2_phi030_M: sig_interp=-1.261704e+06 nodal=-1.258829e+06 t*=2.540 wall_err=6.3e-09 back=7.2e-25 (75s) [3 new, elapsed 219s]
[light] A_chi2_phi045_M: sig_interp=-1.240415e+06 nodal=-1.240295e+06 t*=2.530 wall_err=6.3e-09 back=5.7e-25 (78s) [4 new, elapsed 297s]
[light] A_chi2_phi060_M: sig_interp=-1.159457e+06 nodal=-1.152558e+06 t*=2.520 wall_err=6.3e-09 back=7.8e-25 (76s) [5 new, elapsed 373s]
[light] A_chi2_phi075_M: sig_interp=-1.035852e+06 nodal=-1.035834e+06 t*=2.510 wall_err=6.3e-09 back=6.4e-25 (75s) [6 new, elapsed 448s]
[light] A_chi2_phi090_M: sig_interp=-9.659108e+05 nodal=-9.641305e+05 t*=2.510 wall_err=6.3e-09 back=7.0e-25 (69s) [7 new, elapsed 517s]
[light] A_chi2_phi105_M: sig_interp=-1.120901e+06 nodal=-1.119003e+06 t*=2.530 wall_err=6.3e-09 back=7.3e-25 (68s) [8 new, elapsed 586s]
[light] A_chi2_phi120_M: sig_interp=-1.248080e+06 nodal=-1.247019e+06 t*=2.540 wall_err=6.3e-09 back=7.7e-25 (69s) [9 new, elapsed 654s]
[light] A_chi2_phi135_M: sig_interp=-1.320442e+06 nodal=-1.317405e+06 t*=2.550 wall_err=6.3e-09 back=8.7e-25 (66s) [10 new, elapsed 720s]
[light] A_chi2_phi150_M: sig_interp=-1.321965e+06 nodal=-1.315408e+06 t*=2.550 wall_err=6.3e-09 back=5.8e-25 (67s) [11 new, elapsed 787s]
[light] A_chi2_phi165_M: sig_interp=-1.256860e+06 nodal=-1.256381e+06 t*=2.550 wall_err=6.3e-09 back=7.3e-25 (66s) [12 new, elapsed 854s]
[light] A_chi1_phi000_M: sig_interp=-8.536387e+05 nodal=-8.534840e+05 t*=2.480 wall_err=6.3e-09 back=7.3e-25 (65s) [13 new, elapsed 919s]
[light] A_chi1_phi015_M: sig_interp=-8.536387e+05 nodal=-8.534840e+05 t*=2.480 wall_err=6.3e-09 back=6.9e-25 (67s) [14 new, elapsed 986s]
[light] A_chi1_phi045_M: sig_interp=-8.536387e+05 nodal=-8.534840e+05 t*=2.480 wall_err=6.3e-09 back=6.4e-25 (68s) [15 new, elapsed 1054s]
[light] A_chi1_phi075_M: sig_interp=-8.536387e+05 nodal=-8.534840e+05 t*=2.480 wall_err=6.3e-09 back=5.8e-25 (66s) [16 new, elapsed 1120s]
[light] A_chi1_phi105_M: sig_interp=-8.536387e+05 nodal=-8.534840e+05 t*=2.480 wall_err=6.3e-09 back=6.7e-25 (65s) [17 new, elapsed 1185s]
[light] A_chi1_phi135_M: sig_interp=-8.536387e+05 nodal=-8.534840e+05 t*=2.480 wall_err=6.3e-09 back=6.1e-25 (67s) [18 new, elapsed 1252s]
[light] BM_CV_tau5_a10: sig_interp=-8.568197e+05 nodal=-8.566690e+05 t*=2.480 wall_err=6.3e-09 back=6.2e-25 (66s) [19 new, elapsed 1318s]
[light] BM_CV_tau20_a20: sig_interp=-8.542351e+05 nodal=-8.540708e+05 t*=2.500 wall_err=6.3e-09 back=1.0e-24 (66s) [20 new, elapsed 1384s]
[light] BM_F_tau0_a20: sig_interp=-8.532147e+05 nodal=-8.530471e+05 t*=2.500 wall_err=6.3e-09 back=1.4e-24 (66s) [21 new, elapsed 1450s]
[light] D_iso_ellipse_M: sig_interp=-1.501000e+06 nodal=-1.501000e+06 t*=2.550 wall_err=6.3e-09 back=7.2e-25 (70s) [22 new, elapsed 1520s]
[light] A_chi2_phi000_R48: sig_interp=-1.152158e+06 nodal=-1.151799e+06 t*=2.550 wall_err=6.3e-09 back=4.0e-25 (22s) [23 new, elapsed 1543s]
[light] A_chi2_phi000_T48: sig_interp=-1.134526e+06 nodal=-1.130380e+06 t*=2.540 wall_err=6.3e-09 back=8.1e-25 (19s) [24 new, elapsed 1561s]
[light] A_chi1_phi000_R48: sig_interp=-8.517155e+05 nodal=-8.516809e+05 t*=2.480 wall_err=6.3e-09 back=3.8e-25 (23s) [25 new, elapsed 1584s]
[light] A_chi2_phi015_R48: sig_interp=-1.249876e+06 nodal=-1.246188e+06 t*=2.540 wall_err=6.3e-09 back=3.5e-25 (24s) [26 new, elapsed 1608s]
[light] A_chi2_phi015_T48: sig_interp=-1.208050e+06 nodal=-1.200822e+06 t*=2.530 wall_err=6.3e-09 back=9.7e-25 (20s) [27 new, elapsed 1628s]
[light] A_chi1_phi015_R48: sig_interp=-8.517155e+05 nodal=-8.516809e+05 t*=2.480 wall_err=6.3e-09 back=3.7e-25 (23s) [28 new, elapsed 1651s]
[light] A_chi2_phi030_R48: sig_interp=-1.305341e+06 nodal=-1.296104e+06 t*=2.540 wall_err=6.3e-09 back=4.0e-25 (23s) [29 new, elapsed 1674s]
[light] A_chi2_phi030_T48: sig_interp=-1.244709e+06 nodal=-1.242731e+06 t*=2.530 wall_err=6.3e-09 back=6.1e-25 (20s) [30 new, elapsed 1694s]
[light] A_chi1_phi030_R48: sig_interp=-8.517155e+05 nodal=-8.516809e+05 t*=2.480 wall_err=6.3e-09 back=3.3e-25 (23s) [31 new, elapsed 1717s]
[light] A_chi2_phi045_R48: sig_interp=-1.285848e+06 nodal=-1.285821e+06 t*=2.540 wall_err=6.3e-09 back=3.0e-25 (23s) [32 new, elapsed 1740s]
[light] A_chi2_phi045_T48: sig_interp=-1.223860e+06 nodal=-1.195788e+06 t*=2.530 wall_err=6.3e-09 back=5.9e-25 (19s) [33 new, elapsed 1759s]
[light] A_chi1_phi045_R48: sig_interp=-8.517155e+05 nodal=-8.516809e+05 t*=2.480 wall_err=6.3e-09 back=3.3e-25 (23s) [34 new, elapsed 1782s]
[light] A_chi2_phi060_R48: sig_interp=-1.192006e+06 nodal=-1.184625e+06 t*=2.530 wall_err=6.3e-09 back=3.4e-25 (23s) [35 new, elapsed 1805s]
[light] A_chi2_phi060_T48: sig_interp=-1.148654e+06 nodal=-1.141000e+06 t*=2.520 wall_err=6.3e-09 back=8.9e-25 (18s) [36 new, elapsed 1823s]
[light] A_chi1_phi060_R48: sig_interp=-8.517155e+05 nodal=-8.516809e+05 t*=2.480 wall_err=6.3e-09 back=3.9e-25 (22s) [37 new, elapsed 1846s]
[light] A_chi2_phi075_R48: sig_interp=-1.049620e+06 nodal=-1.049504e+06 t*=2.520 wall_err=6.3e-09 back=3.7e-25 (23s) [38 new, elapsed 1869s]
[light] A_chi2_phi075_T48: sig_interp=-1.030334e+06 nodal=-1.030281e+06 t*=2.510 wall_err=6.3e-09 back=7.5e-25 (18s) [39 new, elapsed 1887s]
[light] A_chi1_phi075_R48: sig_interp=-8.517155e+05 nodal=-8.516809e+05 t*=2.480 wall_err=6.3e-09 back=4.0e-25 (22s) [40 new, elapsed 1908s]
[light] A_chi2_phi090_R48: sig_interp=-9.700492e+05 nodal=-9.681417e+05 t*=2.520 wall_err=6.3e-09 back=3.3e-25 (22s) [41 new, elapsed 1931s]
[light] A_chi2_phi090_T48: sig_interp=-9.616543e+05 nodal=-9.592871e+05 t*=2.510 wall_err=6.3e-09 back=8.6e-25 (19s) [42 new, elapsed 1949s]
[light] A_chi1_phi090_R48: sig_interp=-8.517155e+05 nodal=-8.516809e+05 t*=2.480 wall_err=6.3e-09 back=3.4e-25 (22s) [43 new, elapsed 1971s]
[light] A_chi2_phi105_R48: sig_interp=-1.142169e+06 nodal=-1.138701e+06 t*=2.530 wall_err=6.3e-09 back=3.6e-25 (25s) [44 new, elapsed 1997s]
[light] A_chi2_phi105_T48: sig_interp=-1.111921e+06 nodal=-1.110750e+06 t*=2.530 wall_err=6.3e-09 back=7.6e-25 (21s) [45 new, elapsed 2017s]
[light] A_chi1_phi105_R48: sig_interp=-8.517155e+05 nodal=-8.516809e+05 t*=2.480 wall_err=6.3e-09 back=3.5e-25 (26s) [46 new, elapsed 2043s]
[light] A_chi2_phi120_R48: sig_interp=-1.289647e+06 nodal=-1.289117e+06 t*=2.550 wall_err=6.3e-09 back=3.8e-25 (27s) [47 new, elapsed 2070s]
[light] A_chi2_phi135_R48: sig_interp=-1.373257e+06 nodal=-1.365340e+06 t*=2.560 wall_err=6.3e-09 back=3.7e-25 (23s) [48 new, elapsed 2094s]
[light] A_chi1_phi135_R48: sig_interp=-8.517155e+05 nodal=-8.516809e+05 t*=2.480 wall_err=6.3e-09 back=3.5e-25 (24s) [49 new, elapsed 2118s]
[light] A_chi2_phi150_T48: sig_interp=-1.301236e+06 nodal=-1.289647e+06 t*=2.550 wall_err=6.3e-09 back=7.8e-25 (19s) [50 new, elapsed 2137s]
[light] A_chi2_phi165_R48: sig_interp=-1.284655e+06 nodal=-1.284462e+06 t*=2.550 wall_err=6.3e-09 back=4.6e-25 (23s) [51 new, elapsed 2160s]
[light] A_chi2_phi165_T48: sig_interp=-1.240052e+06 nodal=-1.239530e+06 t*=2.540 wall_err=6.3e-09 back=6.2e-25 (19s) [52 new, elapsed 2178s]
[light] A_chi1_phi000_T48: sig_interp=-8.527076e+05 nodal=-8.525963e+05 t*=2.480 wall_err=6.3e-09 back=7.0e-25 (20s) [53 new, elapsed 2199s]
[light] B_CV_tau5_a10: sig_interp=-8.559268e+05 nodal=-8.558182e+05 t*=2.480 wall_err=6.3e-09 back=6.3e-25 (19s) [54 new, elapsed 2218s]
[light] B_CV_tau20_a5: sig_interp=-8.642057e+05 nodal=-8.642056e+05 t*=2.490 wall_err=6.3e-09 back=1.1e-25 (20s) [55 new, elapsed 2238s]
[light] B_CV_tau20_a50: sig_interp=-8.540745e+05 nodal=-8.539502e+05 t*=2.510 wall_err=6.3e-09 back=3.3e-24 (18s) [56 new, elapsed 2256s]
[light] B_F_tau0_a20: sig_interp=-8.522606e+05 nodal=-8.521410e+05 t*=2.500 wall_err=6.3e-09 back=1.3e-24 (20s) [57 new, elapsed 2276s]
[light] B_MCV3_tau5_a10: sig_interp=-8.557453e+05 nodal=-8.556393e+05 t*=2.480 wall_err=6.3e-09 back=5.8e-25 (20s) [58 new, elapsed 2296s]
[light] B_CV_tau1_a10_QS: sig_interp=-8.549387e+05 nodal=-8.548153e+05 t*=2.510 wall_err=6.3e-09 back=5.8e-25 (22s) [59 new, elapsed 2318s]
[light] B_CV_tau20_a10_QS: sig_interp=-8.522928e+05 nodal=-8.521915e+05 t*=2.520 wall_err=6.3e-09 back=4.2e-25 (20s) [60 new, elapsed 2338s]
[light] B_CV_tau20_a20_QS: sig_interp=-8.547199e+05 nodal=-8.545983e+05 t*=2.510 wall_err=6.3e-09 back=1.2e-24 (21s) [61 new, elapsed 2359s]
[light] B_F_tau0_a5_QS: sig_interp=-8.549397e+05 nodal=-8.548164e+05 t*=2.510 wall_err=6.3e-09 back=3.0e-25 (20s) [62 new, elapsed 2379s]
[light] B_F_tau0_a50_QS: sig_interp=-8.549397e+05 nodal=-8.548164e+05 t*=2.510 wall_err=6.3e-09 back=3.5e-24 (19s) [63 new, elapsed 2398s]
[light] B_MCV3_tau20_a10_QS: sig_interp=-8.516659e+05 nodal=-8.515698e+05 t*=2.520 wall_err=6.3e-09 back=3.2e-25 (19s) [64 new, elapsed 2417s]
[light] B2_CV_L0.05_a5: sig_interp=-8.747250e+05 nodal=-8.746419e+05 t*=2.420 wall_err=6.3e-09 back=2.7e-25 (19s) [65 new, elapsed 2436s]
[light] B2_CV_L0.8_a5: sig_interp=-8.809836e+05 nodal=-8.809170e+05 t*=2.460 wall_err=6.3e-09 back=2.6e-25 (21s) [66 new, elapsed 2457s]
[light] B2_CV_L0.05_a10: sig_interp=-8.536930e+05 nodal=-8.535819e+05 t*=2.480 wall_err=6.3e-09 back=8.7e-25 (18s) [67 new, elapsed 2475s]
[light] B2_CV_L0.8_a10: sig_interp=-8.571983e+05 nodal=-8.571091e+05 t*=2.500 wall_err=6.3e-09 back=3.9e-25 (20s) [68 new, elapsed 2495s]
[light] B2_CV_L0.05_a20: sig_interp=-8.526075e+05 nodal=-8.524880e+05 t*=2.500 wall_err=6.3e-09 back=1.2e-24 (19s) [69 new, elapsed 2514s]
[light] B2_CV_L0.8_a20: sig_interp=-8.525558e+05 nodal=-8.524595e+05 t*=2.510 wall_err=6.3e-09 back=8.4e-25 (20s) [70 new, elapsed 2534s]
[light] B2_F_a5: sig_interp=-8.725630e+05 nodal=-8.724805e+05 t*=2.420 wall_err=6.3e-09 back=3.2e-25 (21s) [71 new, elapsed 2555s]
[light] B2QS_CV_L0.05_a10: sig_interp=-8.549347e+05 nodal=-8.548113e+05 t*=2.510 wall_err=6.3e-09 back=6.4e-25 (22s) [72 new, elapsed 2577s]
[light] B2QS_CV_L0.8_a10: sig_interp=-8.522528e+05 nodal=-8.521518e+05 t*=2.520 wall_err=6.3e-09 back=3.8e-25 (22s) [73 new, elapsed 2599s]
[light] C_CV_tau20_a10_coupling_off: sig_interp=-8.572327e+05 nodal=-8.571430e+05 t*=2.500 wall_err=6.3e-09 back=7.2e-17 (15s) [74 new, elapsed 2613s]
[light] D_iso_ellipse_R48: sig_interp=-1.509478e+06 nodal=-1.509478e+06 t*=2.560 wall_err=6.3e-09 back=3.7e-25 (28s) [75 new, elapsed 2641s]
[light] E1_alpha_cheng298_phi030: sig_interp=-7.856459e+04 nodal=-7.848911e+04 t*=2.530 wall_err=6.3e-09 back=8.7e-24 (19s) [76 new, elapsed 2660s]
[light] E1_alpha_cheng298_phi090: sig_interp=-6.004828e+04 nodal=-5.995464e+04 t*=2.510 wall_err=6.3e-09 back=9.7e-24 (19s) [77 new, elapsed 2679s]
[light] E1_alpha_cheng298_phi150: sig_interp=-8.209199e+04 nodal=-8.147865e+04 t*=2.550 wall_err=6.3e-09 back=9.2e-24 (21s) [78 new, elapsed 2700s]
[light] E2_alpha_iso_phi030: sig_interp=-1.224595e+06 nodal=-1.200430e+06 t*=2.540 wall_err=6.3e-09 back=6.2e-25 (22s) [79 new, elapsed 2721s]
[light] E2_alpha_iso_phi090: sig_interp=-1.082991e+06 nodal=-1.079356e+06 t*=2.520 wall_err=6.3e-09 back=6.5e-25 (21s) [80 new, elapsed 2742s]
[light] E2_alpha_iso_phi150: sig_interp=-1.303856e+06 nodal=-1.278399e+06 t*=2.540 wall_err=6.3e-09 back=6.3e-25 (19s) [81 new, elapsed 2761s]
[light] E3_K_iso_phi030: sig_interp=-1.269829e+06 nodal=-1.263501e+06 t*=2.540 wall_err=6.3e-09 back=6.3e-25 (20s) [82 new, elapsed 2781s]
[light] E3_K_iso_phi090: sig_interp=-9.537602e+05 nodal=-9.456192e+05 t*=2.500 wall_err=6.3e-09 back=7.0e-25 (21s) [83 new, elapsed 2802s]
[light] E3_K_iso_phi150: sig_interp=-1.237540e+06 nodal=-1.223592e+06 t*=2.540 wall_err=6.3e-09 back=6.0e-25 (20s) [84 new, elapsed 2822s]
[light] E4_C_iso_phi030: sig_interp=-1.622688e+06 nodal=-1.622691e+06 t*=2.540 wall_err=6.3e-09 back=5.3e-25 (22s) [85 new, elapsed 2844s]
[light] E4_C_iso_phi060: sig_interp=-1.316501e+06 nodal=-1.314330e+06 t*=2.520 wall_err=6.3e-09 back=6.8e-25 (23s) [86 new, elapsed 2867s]
[light] E4_C_iso_phi150: sig_interp=-1.695322e+06 nodal=-1.690326e+06 t*=2.550 wall_err=6.3e-09 back=5.9e-25 (23s) [87 new, elapsed 2890s]
[light] F_tw0.3_ell_phi090: sig_interp=-9.779363e+05 nodal=-9.777613e+05 t*=2.490 wall_err=7.3e-09 back=8.6e-25 (70s) [88 new, elapsed 2960s]
[light] F_tw0.3_ell_phi150: sig_interp=-1.255159e+06 nodal=-1.242762e+06 t*=2.500 wall_err=7.3e-09 back=7.8e-25 (75s) [89 new, elapsed 3034s]
[light] F_tw0.6_ell_phi150: sig_interp=-1.253536e+06 nodal=-1.241196e+06 t*=2.510 wall_err=1.5e-08 back=7.8e-25 (40s) [90 new, elapsed 3074s]
PRODUCTION light DONE: 90 new runs, cpu 3060s wall 3074s
