[light] A_chi2_phi000_M: sig_interp=-1.149594e+06 nodal=-1.148677e+06 t*=2.540 wall_err=6.3e-09 back=7.8e-25 (65s) [1 new, elapsed 65s]
[light] A_chi2_phi015_M: sig_interp=-1.222776e+06 nodal=-1.217020e+06 t*=2.540 wall_err=6.3e-09 back=6.4e-25 (66s) [2 new, elapsed 131s]
[light] A_chi2_phi030_M: sig_interp=-1.261704e+06 nodal=-1.258829e+06 t*=2.540 wall_err=6.3e-09 back=7.2e-25 (66s) [3 new, elapsed 197s]
[light] A_chi2_phi045_M: sig_interp=-1.240415e+06 nodal=-1.240295e+06 t*=2.530 wall_err=6.3e-09 back=5.7e-25 (67s) [4 new, elapsed 264s]
[light] A_chi2_phi060_M: sig_interp=-1.159457e+06 nodal=-1.152558e+06 t*=2.520 wall_err=6.3e-09 back=7.8e-25 (66s) [5 new, elapsed 330s]
[light] A_chi2_phi075_M: sig_interp=-1.035852e+06 nodal=-1.035834e+06 t*=2.510 wall_err=6.3e-09 back=6.4e-25 (65s) [6 new, elapsed 396s]
[light] A_chi2_phi090_M: sig_interp=-9.659108e+05 nodal=-9.641305e+05 t*=2.510 wall_err=6.3e-09 back=7.0e-25 (67s) [7 new, elapsed 463s]
[light] A_chi2_phi105_M: sig_interp=-1.120901e+06 nodal=-1.119003e+06 t*=2.530 wall_err=6.3e-09 back=7.3e-25 (67s) [8 new, elapsed 530s]
[light] A_chi2_phi120_M: sig_interp=-1.248080e+06 nodal=-1.247019e+06 t*=2.540 wall_err=6.3e-09 back=7.7e-25 (68s) [9 new, elapsed 598s]
[light] A_chi2_phi135_M: sig_interp=-1.320442e+06 nodal=-1.317405e+06 t*=2.550 wall_err=6.3e-09 back=8.7e-25 (67s) [10 new, elapsed 665s]
[light] A_chi2_phi150_M: sig_interp=-1.321965e+06 nodal=-1.315408e+06 t*=2.550 wall_err=6.3e-09 back=5.8e-25 (67s) [11 new, elapsed 732s]
[light] A_chi2_phi165_M: sig_interp=-1.256860e+06 nodal=-1.256381e+06 t*=2.550 wall_err=6.3e-09 back=7.3e-25 (67s) [12 new, elapsed 799s]
[light] A_chi1_phi000_M: sig_interp=-8.536387e+05 nodal=-8.534840e+05 t*=2.480 wall_err=6.3e-09 back=7.3e-25 (68s) [13 new, elapsed 867s]
[light] A_chi1_phi015_M: sig_interp=-8.536387e+05 nodal=-8.534840e+05 t*=2.480 wall_err=6.3e-09 back=6.9e-25 (67s) [14 new, elapsed 934s]
[light] A_chi1_phi045_M: sig_interp=-8.536387e+05 nodal=-8.534840e+05 t*=2.480 wall_err=6.3e-09 back=6.4e-25 (67s) [15 new, elapsed 1002s]
[light] A_chi1_phi075_M: sig_interp=-8.536387e+05 nodal=-8.534840e+05 t*=2.480 wall_err=6.3e-09 back=5.8e-25 (67s) [16 new, elapsed 1069s]
[light] A_chi1_phi105_M: sig_interp=-8.536387e+05 nodal=-8.534840e+05 t*=2.480 wall_err=6.3e-09 back=6.7e-25 (65s) [17 new, elapsed 1134s]
[light] A_chi1_phi135_M: sig_interp=-8.536387e+05 nodal=-8.534840e+05 t*=2.480 wall_err=6.3e-09 back=6.1e-25 (66s) [18 new, elapsed 1200s]
[light] BM_CV_tau5_a10: sig_interp=-8.568197e+05 nodal=-8.566690e+05 t*=2.480 wall_err=6.3e-09 back=6.2e-25 (64s) [19 new, elapsed 1264s]
[light] BM_CV_tau20_a20: sig_interp=-8.542351e+05 nodal=-8.540708e+05 t*=2.500 wall_err=6.3e-09 back=1.0e-24 (66s) [20 new, elapsed 1330s]
[light] BM_F_tau0_a20: sig_interp=-8.532147e+05 nodal=-8.530471e+05 t*=2.500 wall_err=6.3e-09 back=1.4e-24 (66s) [21 new, elapsed 1396s]
[light] D_iso_ellipse_M: sig_interp=-1.501000e+06 nodal=-1.501000e+06 t*=2.550 wall_err=6.3e-09 back=7.2e-25 (74s) [22 new, elapsed 1470s]
[light] A_chi2_phi000_R48: sig_interp=-1.152158e+06 nodal=-1.151799e+06 t*=2.550 wall_err=6.3e-09 back=4.0e-25 (22s) [23 new, elapsed 1491s]
[light] A_chi2_phi000_T48: sig_interp=-1.134526e+06 nodal=-1.130380e+06 t*=2.540 wall_err=6.3e-09 back=8.1e-25 (18s) [24 new, elapsed 1509s]
[light] A_chi1_phi000_R48: sig_interp=-8.517155e+05 nodal=-8.516809e+05 t*=2.480 wall_err=6.3e-09 back=3.8e-25 (22s) [25 new, elapsed 1531s]
[light] A_chi2_phi015_R48: sig_interp=-1.249876e+06 nodal=-1.246188e+06 t*=2.540 wall_err=6.3e-09 back=3.5e-25 (21s) [26 new, elapsed 1552s]
[light] A_chi2_phi015_T48: sig_interp=-1.208050e+06 nodal=-1.200822e+06 t*=2.530 wall_err=6.3e-09 back=9.7e-25 (18s) [27 new, elapsed 1570s]
[light] A_chi1_phi015_R48: sig_interp=-8.517155e+05 nodal=-8.516809e+05 t*=2.480 wall_err=6.3e-09 back=3.7e-25 (22s) [28 new, elapsed 1592s]
[light] A_chi2_phi030_R48: sig_interp=-1.305341e+06 nodal=-1.296104e+06 t*=2.540 wall_err=6.3e-09 back=4.0e-25 (21s) [29 new, elapsed 1613s]
[light] A_chi2_phi030_T48: sig_interp=-1.244709e+06 nodal=-1.242731e+06 t*=2.530 wall_err=6.3e-09 back=6.1e-25 (18s) [30 new, elapsed 1631s]
[light] A_chi1_phi030_R48: sig_interp=-8.517155e+05 nodal=-8.516809e+05 t*=2.480 wall_err=6.3e-09 back=3.3e-25 (21s) [31 new, elapsed 1653s]
[light] A_chi2_phi045_R48: sig_interp=-1.285848e+06 nodal=-1.285821e+06 t*=2.540 wall_err=6.3e-09 back=3.0e-25 (22s) [32 new, elapsed 1675s]
[light] A_chi2_phi045_T48: sig_interp=-1.223860e+06 nodal=-1.195788e+06 t*=2.530 wall_err=6.3e-09 back=5.9e-25 (17s) [33 new, elapsed 1692s]
[light] A_chi1_phi045_R48: sig_interp=-8.517155e+05 nodal=-8.516809e+05 t*=2.480 wall_err=6.3e-09 back=3.3e-25 (22s) [34 new, elapsed 1714s]
[light] A_chi2_phi060_R48: sig_interp=-1.192006e+06 nodal=-1.184625e+06 t*=2.530 wall_err=6.3e-09 back=3.4e-25 (21s) [35 new, elapsed 1735s]
[light] A_chi2_phi060_T48: sig_interp=-1.148654e+06 nodal=-1.141000e+06 t*=2.520 wall_err=6.3e-09 back=8.9e-25 (17s) [36 new, elapsed 1752s]
[light] A_chi1_phi060_R48: sig_interp=-8.517155e+05 nodal=-8.516809e+05 t*=2.480 wall_err=6.3e-09 back=3.9e-25 (22s) [37 new, elapsed 1774s]
[light] A_chi2_phi075_R48: sig_interp=-1.049620e+06 nodal=-1.049504e+06 t*=2.520 wall_err=6.3e-09 back=3.7e-25 (22s) [38 new, elapsed 1796s]
[light] A_chi2_phi075_T48: sig_interp=-1.030334e+06 nodal=-1.030281e+06 t*=2.510 wall_err=6.3e-09 back=7.5e-25 (18s) [39 new, elapsed 1814s]
[light] A_chi1_phi075_R48: sig_interp=-8.517155e+05 nodal=-8.516809e+05 t*=2.480 wall_err=6.3e-09 back=4.0e-25 (21s) [40 new, elapsed 1835s]
[light] A_chi2_phi090_R48: sig_interp=-9.700492e+05 nodal=-9.681417e+05 t*=2.520 wall_err=6.3e-09 back=3.3e-25 (22s) [41 new, elapsed 1857s]
[light] A_chi2_phi090_T48: sig_interp=-9.616543e+05 nodal=-9.592871e+05 t*=2.510 wall_err=6.3e-09 back=8.6e-25 (17s) [42 new, elapsed 1874s]
[light] A_chi1_phi090_R48: sig_interp=-8.517155e+05 nodal=-8.516809e+05 t*=2.480 wall_err=6.3e-09 back=3.4e-25 (21s) [43 new, elapsed 1895s]
[light] A_chi2_phi105_R48: sig_interp=-1.142169e+06 nodal=-1.138701e+06 t*=2.530 wall_err=6.3e-09 back=3.6e-25 (21s) [44 new, elapsed 1916s]
[light] A_chi2_phi105_T48: sig_interp=-1.111921e+06 nodal=-1.110750e+06 t*=2.530 wall_err=6.3e-09 back=7.6e-25 (17s) [45 new, elapsed 1934s]
[light] A_chi1_phi105_R48: sig_interp=-8.517155e+05 nodal=-8.516809e+05 t*=2.480 wall_err=6.3e-09 back=3.5e-25 (21s) [46 new, elapsed 1955s]
[light] A_chi2_phi120_R48: sig_interp=-1.289647e+06 nodal=-1.289117e+06 t*=2.550 wall_err=6.3e-09 back=3.8e-25 (21s) [47 new, elapsed 1977s]
[light] A_chi2_phi135_R48: sig_interp=-1.373257e+06 nodal=-1.365340e+06 t*=2.560 wall_err=6.3e-09 back=3.7e-25 (21s) [48 new, elapsed 1998s]
[light] A_chi1_phi135_R48: sig_interp=-8.517155e+05 nodal=-8.516809e+05 t*=2.480 wall_err=6.3e-09 back=3.5e-25 (21s) [49 new, elapsed 2018s]
[light] A_chi2_phi150_T48: sig_interp=-1.301236e+06 nodal=-1.289647e+06 t*=2.550 wall_err=6.3e-09 back=7.8e-25 (17s) [50 new, elapsed 2035s]
[light] A_chi2_phi165_R48: sig_interp=-1.284655e+06 nodal=-1.284462e+06 t*=2.550 wall_err=6.3e-09 back=4.6e-25 (20s) [51 new, elapsed 2055s]
[light] A_chi2_phi165_T48: sig_interp=-1.240052e+06 nodal=-1.239530e+06 t*=2.540 wall_err=6.3e-09 back=6.2e-25 (17s) [52 new, elapsed 2073s]
[light] A_chi1_phi000_T48: sig_interp=-8.527076e+05 nodal=-8.525963e+05 t*=2.480 wall_err=6.3e-09 back=7.0e-25 (17s) [53 new, elapsed 2090s]
[light] B_CV_tau5_a10: sig_interp=-8.559268e+05 nodal=-8.558182e+05 t*=2.480 wall_err=6.3e-09 back=6.3e-25 (18s) [54 new, elapsed 2108s]
[light] B_CV_tau20_a5: sig_interp=-8.642057e+05 nodal=-8.642056e+05 t*=2.490 wall_err=6.3e-09 back=1.1e-25 (18s) [55 new, elapsed 2126s]
[light] B_CV_tau20_a50: sig_interp=-8.540745e+05 nodal=-8.539502e+05 t*=2.510 wall_err=6.3e-09 back=3.3e-24 (18s) [56 new, elapsed 2144s]
[light] B_F_tau0_a20: sig_interp=-8.522606e+05 nodal=-8.521410e+05 t*=2.500 wall_err=6.3e-09 back=1.3e-24 (17s) [57 new, elapsed 2162s]
[light] B_MCV3_tau5_a10: sig_interp=-8.557453e+05 nodal=-8.556393e+05 t*=2.480 wall_err=6.3e-09 back=5.8e-25 (17s) [58 new, elapsed 2179s]
[light] B_CV_tau1_a10_QS: sig_interp=-8.549387e+05 nodal=-8.548153e+05 t*=2.510 wall_err=6.3e-09 back=5.8e-25 (17s) [59 new, elapsed 2196s]
[light] B_CV_tau20_a10_QS: sig_interp=-8.522928e+05 nodal=-8.521915e+05 t*=2.520 wall_err=6.3e-09 back=4.2e-25 (17s) [60 new, elapsed 2213s]
[light] B_CV_tau20_a20_QS: sig_interp=-8.547199e+05 nodal=-8.545983e+05 t*=2.510 wall_err=6.3e-09 back=1.2e-24 (18s) [61 new, elapsed 2231s]
[light] B_F_tau0_a5_QS: sig_interp=-8.549397e+05 nodal=-8.548164e+05 t*=2.510 wall_err=6.3e-09 back=3.0e-25 (17s) [62 new, elapsed 2248s]
[light] B_F_tau0_a50_QS: sig_interp=-8.549397e+05 nodal=-8.548164e+05 t*=2.510 wall_err=6.3e-09 back=3.5e-24 (18s) [63 new, elapsed 2266s]
[light] B_MCV3_tau20_a10_QS: sig_interp=-8.516659e+05 nodal=-8.515698e+05 t*=2.520 wall_err=6.3e-09 back=3.2e-25 (18s) [64 new, elapsed 2284s]
[light] B2_CV_L0.05_a5: sig_interp=-8.747250e+05 nodal=-8.746419e+05 t*=2.420 wall_err=6.3e-09 back=2.7e-25 (18s) [65 new, elapsed 2302s]
[light] B2_CV_L0.8_a5: sig_interp=-8.809836e+05 nodal=-8.809170e+05 t*=2.460 wall_err=6.3e-09 back=2.6e-25 (18s) [66 new, elapsed 2319s]
[light] B2_CV_L0.05_a10: sig_interp=-8.536930e+05 nodal=-8.535819e+05 t*=2.480 wall_err=6.3e-09 back=8.7e-25 (18s) [67 new, elapsed 2337s]
[light] B2_CV_L0.8_a10: sig_interp=-8.571983e+05 nodal=-8.571091e+05 t*=2.500 wall_err=6.3e-09 back=3.9e-25 (18s) [68 new, elapsed 2355s]
[light] B2_CV_L0.05_a20: sig_interp=-8.526075e+05 nodal=-8.524880e+05 t*=2.500 wall_err=6.3e-09 back=1.2e-24 (18s) [69 new, elapsed 2373s]
[light] B2_CV_L0.8_a20: sig_interp=-8.525558e+05 nodal=-8.524595e+05 t*=2.510 wall_err=6.3e-09 back=8.4e-25 (17s) [70 new, elapsed 2390s]
[light] B2_F_a5: sig_interp=-8.725630e+05 nodal=-8.724805e+05 t*=2.420 wall_err=6.3e-09 back=3.2e-25 (18s) [71 new, elapsed 2408s]
[light] B2QS_CV_L0.05_a10: sig_interp=-8.549347e+05 nodal=-8.548113e+05 t*=2.510 wall_err=6.3e-09 back=6.4e-25 (17s) [72 new, elapsed 2426s]
[light] B2QS_CV_L0.8_a10: sig_interp=-8.522528e+05 nodal=-8.521518e+05 t*=2.520 wall_err=6.3e-09 back=3.8e-25 (18s) [73 new, elapsed 2444s]
[light] C_CV_tau20_a10_coupling_off: sig_interp=-8.572327e+05 nodal=-8.571430e+05 t*=2.500 wall_err=6.3e-09 back=7.2e-17 (12s) [74 new, elapsed 2456s]
[light] D_iso_ellipse_R48: sig_interp=-1.509478e+06 nodal=-1.509478e+06 t*=2.560 wall_err=6.3e-09 back=3.7e-25 (24s) [75 new, elapsed 2480s]
[light] E1_alpha_cheng298_phi030: sig_interp=-7.856459e+04 nodal=-7.848911e+04 t*=2.530 wall_err=6.3e-09 back=8.7e-24 (18s) [76 new, elapsed 2498s]
[light] E1_alpha_cheng298_phi090: sig_interp=-6.004828e+04 nodal=-5.995464e+04 t*=2.510 wall_err=6.3e-09 back=9.7e-24 (18s) [77 new, elapsed 2516s]
[light] E1_alpha_cheng298_phi150: sig_interp=-8.209199e+04 nodal=-8.147865e+04 t*=2.550 wall_err=6.3e-09 back=9.2e-24 (20s) [78 new, elapsed 2535s]
[light] E2_alpha_iso_phi030: sig_interp=-1.224595e+06 nodal=-1.200430e+06 t*=2.540 wall_err=6.3e-09 back=6.2e-25 (19s) [79 new, elapsed 2554s]
[light] E2_alpha_iso_phi090: sig_interp=-1.082991e+06 nodal=-1.079356e+06 t*=2.520 wall_err=6.3e-09 back=6.5e-25 (18s) [80 new, elapsed 2572s]
[light] E2_alpha_iso_phi150: sig_interp=-1.303856e+06 nodal=-1.278399e+06 t*=2.540 wall_err=6.3e-09 back=6.3e-25 (20s) [81 new, elapsed 2592s]
[light] E3_K_iso_phi030: sig_interp=-1.269829e+06 nodal=-1.263501e+06 t*=2.540 wall_err=6.3e-09 back=6.3e-25 (19s) [82 new, elapsed 2611s]
[light] E3_K_iso_phi090: sig_interp=-9.537602e+05 nodal=-9.456192e+05 t*=2.500 wall_err=6.3e-09 back=7.0e-25 (19s) [83 new, elapsed 2630s]
[light] E3_K_iso_phi150: sig_interp=-1.237540e+06 nodal=-1.223592e+06 t*=2.540 wall_err=6.3e-09 back=6.0e-25 (19s) [84 new, elapsed 2649s]
[light] E4_C_iso_phi030: sig_interp=-1.622688e+06 nodal=-1.622691e+06 t*=2.540 wall_err=6.3e-09 back=5.3e-25 (19s) [85 new, elapsed 2668s]
[light] E4_C_iso_phi090: sig_interp=-1.094325e+06 nodal=-1.093999e+06 t*=2.560 wall_err=6.3e-09 back=5.9e-25 (19s) [86 new, elapsed 2688s]
[light] E4_C_iso_phi150: sig_interp=-1.695322e+06 nodal=-1.690326e+06 t*=2.550 wall_err=6.3e-09 back=5.9e-25 (20s) [87 new, elapsed 2708s]
PRODUCTION light DONE: 87 new runs, cpu 2684s wall 2708s
