[PASS] U0_plane_strain_block_vs_6x6_Voigt: rel_err_Q=0.0 rel_err_beta=1.4739447055687242e-16 criterion=<=1e-12 vs independent assembly of the monoclinic 13-constant 6x6 matrix (plane strain eps22=g12=g23=0)
[PASS] U1_rotate_Q_beta_vs_independent_3D: fixed_rel_err_Q=0.0 fixed_rel_err_beta=1.5755938491582135e-16 shipped_rel_err_Q=0.0 shipped_rel_err_beta=0.00167773981397438 criterion=<=1e-12 over 27 angles (incl. 37, 11.3, 123.4 deg)
[PASS] U1b_test_power_shipped_fails: shipped_beta_err=0.00167773981397438 criterion=test must be able to fail: shipped beta error > 1e-4
[PASS] U3_material_admissibility: Q_mandel_eig_min_GPa=126.62919010503222 K_eig_min=11.715559610452997 K_eig_max=14.504440389547003 delta=0.0010782009223322998
[PASS] U4_bromwich_identity: max_err_t_le_12=6.337395041675397e-09 plan={'T': 20.0, 'gamma': 0.9, 'K': 26, 'n_solves': 27, 'eps': 1e-10, 't0': 2.5, 'tw': 1.2, 'alias': 1.522997974471263e-08, 't_valid_max': 14.5, 'growth_at_12': 49020.80113638175} criterion=H=1 must return the Gaussian: <=1e-6
[PASS] U5_bromwich_damped_oscillator_vs_ODE: rel_err=4.976783145840806e-09 criterion=<=1e-6 vs DOP853 time integration (z=0.02, w0=2)
[PASS] U6_bromwich_parameter_independence: rel_diff_T20g0p9_vs_T32g0p6=4.682570189275669e-09 criterion=<=1e-6 between (T=20,gamma=0.9) and (T=32,gamma=0.6)
[PASS] U7_ref1d_spectral_steady_closed_form: rel_err=4.969088515771538e-10 sigma_exact_Pa_per_K=-1234746.0535908495 criterion=1-D Chebyshev reference at s->0 vs closed-form steady Lame solution <=1e-6
[PASS] U8_bromwich_vs_time_domain_Crank_Nicolson: rel_err=6.532193948532909e-07 peak_Pa_per_K=-985689.3764034857 criterion=Laplace-domain 1-D spectral + Bromwich vs time-domain CN heat solve + closed-form Lame stress (quasi-static, uncoupled) <=1e-6 over 0<=t<=9
[PASS] V0_metric_consistency_linear_field: chi1_errs_48_96_192=[0.01668623219132792, 0.004177783115160594, 0.0010446010651126159] chi2_errs_48_96_192=[0.019586849836125353, 0.005027908399043213, 0.001261040978100425] chi1_orders=[1.998, 2.0] chi2_orders=[1.962, 1.995] value_at_96x48_chi2=0.005027908399043213 threshold_at_96x48_chi2=0.005 exceedance_at_96x48_chi2_pct=0.5581679808642548 criterion=observed order >= 1.9 on both refinement steps for chi = 1, 2 AND interior error < 5e-3 at the production grid 192x96 (re-specified 2026-10-03; the inherited 96x48 absolute threshold is reported, not asserted)
[PASS] V0b_metric_consistency_convergence_order: orders_chi1=[1.998, 2.0] orders_chi2=[1.962, 1.995] criterion=second-order convergence of the linear-field metric error (48x24 -> 96x48 -> 192x96), both chi; the order check computed in V0 is asserted here as its own case
[PASS] V1_stencil_dispersion: d2_symbol_err_kh0p4=-0.013262425036063563 criterion=|err|<2% at kh=0.4 (handoff criterion)
[PASS] V3_rotation_covariance_all_grid_aligned_phi_FIXED: max_rel_err=6.452700984660496e-14 max_theta=5.10702591327572e-15 max_u=6.452700984660496e-14 max_wall_hoop=2.1714745065335717e-14 per_phi_worst={15: '4.4e-14', 30: '6.0e-14', 45: '3.2e-14', 60: '4.0e-14', 75: '3.6e-14', 90: '6.3e-14', 105: '5.5e-14', 120: '5.0e-14', 135: '4.7e-14', 150: '4.0e-14', 165: '6.5e-14'} criterion=<=1e-8 for theta, u (each normalised by its own max) and wall hoop stress, at complex s, phi=15..165 deg step 15 (exact lattice rotations of the 48-point grid)
[PASS] V3p_test_power_shipped_rotation: shipped_phi45_hoop=0.002999690909305527 shipped_phi45_u=0.002629776401479041 shipped_phi45_theta=6.001452041356557e-07 shipped_phi90_worst=6.268428613852337e-14 criterion=the corrected test must detect the shipped bug at phi=45 (hoop >1e-4) while 90 deg stays blind (<1e-8)
[PASS] V4_uncoupled_null_beta0: max_abs_hoop_Pa=0.0 backward_err=5.974403560745729e-17 criterion=beta=0 -> u,sigma = 0 (<1e-6 Pa) at complex s
[PASS] V5_tau_to_zero: rel_diff=4.2008930602807683e-07 criterion=CV(tau=1e-6 t_th) vs Fourier at complex s <=1e-4
[PASS] V12_conjugate_symmetry: rel_err=1.698314660101103e-15 criterion=H(conj s) = conj H(s) for the real system (needed by the one-sided Bromwich sum) <=1e-10
[PASS] V6_steady_log_law: max_abs_err_48_96_192=[7.27999180387684e-05, 1.5365055767158076e-05, 3.6164004739713818e-06] criterion=<=0.01 at 96x48 (handoff criterion); ratio of successive errors ~4 expected
[PASS] V7_static_uniform_theta_annulus: rel_err_48_96_192=[0.016880767949530154, 0.004239529801282995, 0.0010591865724793384] sigma_exact=-3179904.953001158 criterion=<=1.5% at 96x48 vs closed form (handoff criterion)
[PASS] V8_steady_thermal_gradient_load: rel_err_48_96_192_384=['+0.0063', '+0.0016', '+0.0004', '+0.0008'] observed_order_48_to_96=1.9675283417378677 sigma_exact=-1234746.0535908495 criterion=steady log-profile thermal-gradient elasticity (clamped R=80a) vs closed form: |err(192x96)|<0.5%, order>1.5 (NEW: gradient-load path was absent from handoff V0-V7)
   V9 grid (48, 24) done (10s)
